> Task :app:checkKotlinGradlePluginConfigurationErrors SKIPPED
> Task :app:preBuild UP-TO-DATE
> Task :app:preDebugBuild UP-TO-DATE
> Task :app:dataBindingMergeDependencyArtifactsDebug UP-TO-DATE
> Task :app:generateDebugResValues UP-TO-DATE
> Task :app:generateDebugResources UP-TO-DATE
> Task :app:mergeDebugResources UP-TO-DATE
> Task :app:packageDebugResources UP-TO-DATE
> Task :app:processDebugNavigationResources UP-TO-DATE
> Task :app:parseDebugLocalResources UP-TO-DATE
> Task :app:dataBindingGenBaseClassesDebug UP-TO-DATE
> Task :app:checkDebugAarMetadata UP-TO-DATE
> Task :app:compileDebugNavigationResources UP-TO-DATE
> Task :app:mapDebugSourceSetPaths UP-TO-DATE
> Task :app:createDebugCompatibleScreenManifests UP-TO-DATE
> Task :app:extractDeepLinksDebug UP-TO-DATE
> Task :app:processDebugMainManifest UP-TO-DATE
> Task :app:processDebugManifest UP-TO-DATE
> Task :app:processDebugManifestForPackage UP-TO-DATE
> Task :app:processDebugResources UP-TO-DATE
> Task :app:kspDebugKotlin UP-TO-DATE

> Task :app:compileDebugKotlin FAILED
e: file:///C:/Users/fepla/Escritorio/ZzzTimerProPlus/app/src/main/java/com/felipeplazas/zzztimerpro/ui/alarm/AlarmsActivity.kt:134:41 Unresolved reference 'upgrade'.
e: file:///C:/Users/fepla/Escritorio/ZzzTimerProPlus/app/src/main/java/com/felipeplazas/zzztimerpro/ui/alarm/AlarmsActivity.kt:134:52 Cannot infer type for this parameter. Please specify it explicitly.
e: file:///C:/Users/fepla/Escritorio/ZzzTimerProPlus/app/src/main/java/com/felipeplazas/zzztimerpro/ui/alarm/AlarmsActivity.kt:134:55 Cannot infer type for this parameter. Please specify it explicitly.
e: file:///C:/Users/fepla/Escritorio/ZzzTimerProPlus/app/src/main/java/com/felipeplazas/zzztimerpro/ui/alarm/AlarmsActivity.kt:137:14 Unresolved reference 'setNegativeButton'.
e: file:///C:/Users/fepla/Escritorio/ZzzTimerProPlus/app/src/main/java/com/felipeplazas/zzztimerpro/ui/savedtimers/SavedTimerEditDialog.kt:75:40 Unresolved reference 'night_birds'.


[Incubating] Problems report is available at: file:///C:/Users/fepla/Escritorio/ZzzTimerProPlus/build/reports/problems/problems-report.html
FAILURE: Build failed with an exception.

* What went wrong:
Execution failed for task ':app:compileDebugKotlin'.
> A failure occurred while executing org.jetbrains.kotlin.compilerRunner.GradleCompilerRunnerWithWorkers$GradleKotlinCompilerWorkAction
   > Compilation error. See log for more details

* Try:
> Run with --stacktrace option to get the stack trace.
> Run with --info or --debug option to get more log output.
> Run with --scan to get full insights.
> Get more help at https://help.gradle.org.

Deprecated Gradle features were used in this build, making it incompatible with Gradle 9.0.

You can use '--warning-mode all' to show the individual deprecation warnings and determine if they come from your own scripts or plugins.

For more on this, please refer to https://docs.gradle.org/8.13/userguide/command_line_interface.html#sec:command_line_warnings in the Gradle documentation.

BUILD FAILED in 5s
19 actionable tasks: 1 executed, 18 up-to-date
